examples/websocket/frontend.tsx(4,20): error TS2307: Cannot find module 'socket.io-client' or its corresponding type declarations.
examples/websocket/server.ts(2,24): error TS2307: Cannot find module 'socket.io' or its corresponding type declarations.
src/app/api/ai/generate-product/route.ts(76,28): error TS2339: Property 'llm' does not exist on type 'ZAI'.
src/app/page.tsx(88,7): error TS2322: Type '"business_admin"' is not assignable to type 'UserRole'.
src/components/minimenu/BusinessAdminPanel.tsx(342,63): error TS2503: Cannot find namespace 'JSX'.
src/components/minimenu/BusinessAdminPanel.tsx(797,28): error TS2345: Argument of type '{ businessName: any; phone: any; address: any; primaryColor: any; secondaryColor: any; impoconsumo: any; avatar: any; logo: any; banner: any; bannerEnabled: any; heroImageUrl: any; showHeroBanner: any; tipEnabled: any; tipPercentageDefault: any; tipOnlyOnPremise: any; paymentMethods: any; }' is not assignable to parameter of type 'SetStateAction<{ businessName: string; phone: string; address: string; primaryColor: string; secondaryColor: string; impoconsumo: number; avatar: string | null; logo: string | null; banner: string | null; ... 7 more ...; paymentMethods: PaymentMethodConfig[]; }>'.
  Property 'favicon' is missing in type '{ businessName: any; phone: any; address: any; primaryColor: any; secondaryColor: any; impoconsumo: any; avatar: any; logo: any; banner: any; bannerEnabled: any; heroImageUrl: any; showHeroBanner: any; tipEnabled: any; tipPercentageDefault: any; tipOnlyOnPremise: any; paymentMethods: any; }' but required in type '{ businessName: string; phone: string; address: string; primaryColor: string; secondaryColor: string; impoconsumo: number; avatar: string | null; logo: string | null; banner: string | null; ... 7 more ...; paymentMethods: PaymentMethodConfig[]; }'.
src/components/minimenu/BusinessAdminPanel.tsx(1313,22): error TS2345: Argument of type '{ name: string; description: string; price: number; category: string; available: true; featured: false; image: string | null; }' is not assignable to parameter of type 'Omit<Product, "id">'.
  Property 'stock' is missing in type '{ name: string; description: string; price: number; category: string; available: true; featured: false; image: string | null; }' but required in type 'Omit<Product, "id">'.
src/components/minimenu/BusinessAdminPanel.tsx(2518,40): error TS2339: Property 'paymentMethod' does not exist on type 'Order'.
src/components/minimenu/BusinessAdminPanel.tsx(5179,38): error TS2322: Type '"pending" | "cancelled" | "confirmed" | "preparing" | "ready" | "delivered" | "on_the_way"' is not assignable to type 'StatusType'.
  Type '"on_the_way"' is not assignable to type 'StatusType'.
src/components/minimenu/BusinessAdminPanel.tsx(10539,72): error TS2503: Cannot find namespace 'JSX'.
src/components/minimenu/EntityCard.tsx(63,28): error TS2352: Conversion of type 'typeof import("C:/minimenuia/minimenuia/node_modules/lucide-react/dist/lucide-react")' to type 'Record<string, ComponentType<{ className?: string | undefined; }>>' may be a mistake because neither type sufficiently overlaps with the other. If this was intentional, convert the expression to 'unknown' first.
  Property 'Icon' is incompatible with index signature.
    Type 'ForwardRefExoticComponent<Omit<IconComponentProps, "ref"> & RefAttributes<SVGSVGElement>>' is not comparable to type 'ComponentType<{ className?: string | undefined; }>'.
      Type 'ForwardRefExoticComponent<Omit<IconComponentProps, "ref"> & RefAttributes<SVGSVGElement>>' is not comparable to type 'FunctionComponent<{ className?: string | undefined; }>'.
        Types of parameters 'props' and 'props' are incompatible.
          Type '{ className?: string | undefined; }' is not comparable to type 'Omit<IconComponentProps, "ref"> & RefAttributes<SVGSVGElement>'.
            Property 'iconNode' is missing in type '{ className?: string | undefined; }' but required in type 'Omit<IconComponentProps, "ref">'.
src/components/minimenu/SuperAdminPanel.tsx(413,48): error TS2353: Object literal may only specify known properties, and 'hotmartUrl' does not exist in type 'UpdatePlanData'.
src/components/minimenu/SuperAdminPanel.tsx(841,18): error TS2345: Argument of type '(prev: User[]) => (User | null)[]' is not assignable to parameter of type 'SetStateAction<User[]>'.
  Type '(prev: User[]) => (User | null)[]' is not assignable to type '(prevState: User[]) => User[]'.
    Type '(User | null)[]' is not assignable to type 'User[]'.
      Type 'User | null' is not assignable to type 'User'.
        Type 'null' is not assignable to type 'User'.
src/components/minimenu/SuperAdminPanel.tsx(858,18): error TS2345: Argument of type '(prev: User[]) => (User | null)[]' is not assignable to parameter of type 'SetStateAction<User[]>'.
  Type '(prev: User[]) => (User | null)[]' is not assignable to type '(prevState: User[]) => User[]'.
    Type '(User | null)[]' is not assignable to type 'User[]'.
      Type 'User | null' is not assignable to type 'User'.
        Type 'null' is not assignable to type 'User'.
src/components/minimenu/SuperAdminPanel.tsx(869,16): error TS2345: Argument of type '(prev: User[]) => (User | null)[]' is not assignable to parameter of type 'SetStateAction<User[]>'.
  Type '(prev: User[]) => (User | null)[]' is not assignable to type '(prevState: User[]) => User[]'.
    Type '(User | null)[]' is not assignable to type 'User[]'.
      Type 'User | null' is not assignable to type 'User'.
        Type 'null' is not assignable to type 'User'.
src/services/api.ts(470,11): error TS2741: Property 'hotmartUrl' is missing in type '{ id: string; createdAt: string; updatedAt: string; name: string; slug: string; description: string; price: number; currency: Currency; period: BillingType; ... 9 more ...; maxCategories: number; }' but required in type 'LandingPlan'.
src/services/storage.ts(302,47): error TS2352: Conversion of type 'GlobalPaymentConfig' to type 'Record<string, unknown>' may be a mistake because neither type sufficiently overlaps with the other. If this was intentional, convert the expression to 'unknown' first.
  Index signature for type 'string' is missing in type 'GlobalPaymentConfig'.
tmp/check-all-cols.ts(7,31): error TS2345: Argument of type 'string | undefined' is not assignable to parameter of type 'string'.
  Type 'undefined' is not assignable to type 'string'.
tmp/check-full-schema.ts(7,31): error TS2345: Argument of type 'string | undefined' is not assignable to parameter of type 'string'.
  Type 'undefined' is not assignable to type 'string'.
tmp/debug-visibility.ts(7,31): error TS2345: Argument of type 'string | undefined' is not assignable to parameter of type 'string'.
  Type 'undefined' is not assignable to type 'string'.
tmp/debug-visibility.ts(58,17): error TS18047: 'plan' is possibly 'null'.
tmp/final-test.ts(7,31): error TS2345: Argument of type 'string | undefined' is not assignable to parameter of type 'string'.
  Type 'undefined' is not assignable to type 'string'.
tmp/final-test.ts(39,39): error TS18047: 'plan' is possibly 'null'.
tmp/fix-user-id.ts(7,31): error TS2345: Argument of type 'string | undefined' is not assignable to parameter of type 'string'.
  Type 'undefined' is not assignable to type 'string'.
tmp/numeric-test.ts(7,31): error TS2345: Argument of type 'string | undefined' is not assignable to parameter of type 'string'.
  Type 'undefined' is not assignable to type 'string'.
tmp/numeric-test.ts(29,39): error TS18047: 'plan' is possibly 'null'.
tmp/success-validation.ts(47,15): error TS18047: 'plan' is possibly 'null'.
