examples/websocket/frontend.tsx(4,20): error TS2307: Cannot find module 'socket.io-client' or its corresponding type declarations.
examples/websocket/server.ts(2,24): error TS2307: Cannot find module 'socket.io' or its corresponding type declarations.
prisma/create-user.ts(5,40): error TS2307: Cannot find module '@prisma/client' or its corresponding type declarations.
prisma/migrations/add-order-numbers.ts(6,30): error TS2307: Cannot find module '@prisma/client' or its corresponding type declarations.
prisma/migrations/check-order-numbers.ts(5,30): error TS2307: Cannot find module '@prisma/client' or its corresponding type declarations.
prisma/migrations/fix-order-number.ts(6,30): error TS2307: Cannot find module '@prisma/client' or its corresponding type declarations.
prisma/seed.ts(5,56): error TS2307: Cannot find module '@prisma/client' or its corresponding type declarations.
src/app/api/ai/generate-product/route.ts(76,28): error TS2339: Property 'llm' does not exist on type 'ZAI'.
src/app/api/auth/register/route.ts(111,59): error TS18047: 'defaultPlan' is possibly 'null'.
src/app/api/auth/register/route.ts(160,17): error TS18047: 'defaultPlan' is possibly 'null'.
src/app/api/payment-config/route.ts(27,7): error TS2322: Type 'NextResponse<{ success: true; data: GlobalPaymentConfig; error: null; }>' is not assignable to type 'NextResponse<PaymentConfigResponse>'.
  Type '{ success: true; data: GlobalPaymentConfig; error: null; }' is not assignable to type 'PaymentConfigResponse'.
    Types of property 'error' are incompatible.
      Type 'null' is not assignable to type 'string | undefined'.
src/app/api/payment-config/route.ts(231,5): error TS2322: Type 'NextResponse<{ success: false; data: null; error: string; }>' is not assignable to type 'NextResponse<PaymentConfigResponse>'.
  Type '{ success: false; data: null; error: string; }' is not assignable to type 'PaymentConfigResponse'.
    Types of property 'data' are incompatible.
      Type 'null' is not assignable to type 'GlobalPaymentConfig | undefined'.
src/app/api/payment-config/route.ts(294,5): error TS2739: Type '{ enabled: false; instructions: string; }' is missing the following properties from type 'HotmartSettings': urlGratis, urlBasico, urlProfesional, urlEmpresarial
src/app/api/settings/profile/route.ts(137,14): error TS2339: Property 'slug' does not exist on type 'UpdateProfileRequest'.
src/app/api/settings/profile/route.ts(137,57): error TS2339: Property 'slug' does not exist on type 'UpdateProfileRequest'.
src/app/dashboard/rese├▒as/page.tsx(235,12): error TS2322: Type '{ children: (string | number)[]; variant: string; className: string; }' is not assignable to type 'IntrinsicAttributes & { points: number; }'.
  Property 'children' does not exist on type 'IntrinsicAttributes & { points: number; }'.
src/app/dashboard/rese├▒as/page.tsx(282,12): error TS2322: Type '{ children: (string | number)[]; variant: string; className: string; }' is not assignable to type 'IntrinsicAttributes & { points: number; }'.
  Property 'children' does not exist on type 'IntrinsicAttributes & { points: number; }'.
src/app/dashboard/reviews/page.tsx(235,12): error TS2322: Type '{ children: (string | number)[]; variant: string; className: string; }' is not assignable to type 'IntrinsicAttributes & { points: number; }'.
  Property 'children' does not exist on type 'IntrinsicAttributes & { points: number; }'.
src/app/dashboard/reviews/page.tsx(282,12): error TS2322: Type '{ children: (string | number)[]; variant: string; className: string; }' is not assignable to type 'IntrinsicAttributes & { points: number; }'.
  Property 'children' does not exist on type 'IntrinsicAttributes & { points: number; }'.
src/app/page.tsx(88,7): error TS2322: Type '"business_admin"' is not assignable to type 'UserRole'.
src/components/minimenu/EntityCard.tsx(63,28): error TS2352: Conversion of type 'typeof import("C:/minimenuia/minimenuia/node_modules/lucide-react/dist/lucide-react")' to type 'Record<string, ComponentType<{ className?: string | undefined; }>>' may be a mistake because neither type sufficiently overlaps with the other. If this was intentional, convert the expression to 'unknown' first.
  Property 'Icon' is incompatible with index signature.
    Type 'ForwardRefExoticComponent<Omit<IconComponentProps, "ref"> & RefAttributes<SVGSVGElement>>' is not comparable to type 'ComponentType<{ className?: string | undefined; }>'.
      Type 'ForwardRefExoticComponent<Omit<IconComponentProps, "ref"> & RefAttributes<SVGSVGElement>>' is not comparable to type 'FunctionComponent<{ className?: string | undefined; }>'.
        Types of parameters 'props' and 'props' are incompatible.
          Type '{ className?: string | undefined; }' is not comparable to type 'Omit<IconComponentProps, "ref"> & RefAttributes<SVGSVGElement>'.
            Property 'iconNode' is missing in type '{ className?: string | undefined; }' but required in type 'Omit<IconComponentProps, "ref">'.
src/components/minimenu/LandingPage.tsx(301,29): error TS2339: Property 'id' does not exist on type 'Plan'.
src/components/minimenu/SuperAdminPanel.tsx(323,34): error TS2304: Cannot find name 'UseCaseType'.
src/components/minimenu/SuperAdminPanel.tsx(524,22): error TS2345: Argument of type '(prev: GlobalPaymentConfig | null) => { stripe: { enabled: false; mode: "sandbox"; publicKey: string; secretKey: string; instructions: string; }; mercadoPago: { enabled: false; mode: "sandbox"; publicKey: string; secretKey: string; instructions: string; }; ... 5 more ...; hotmart: { ...; }; } | { ...; }' is not assignable to parameter of type 'SetStateAction<GlobalPaymentConfig | null>'.
  Type '(prev: GlobalPaymentConfig | null) => { stripe: { enabled: false; mode: "sandbox"; publicKey: string; secretKey: string; instructions: string; }; mercadoPago: { enabled: false; mode: "sandbox"; publicKey: string; secretKey: string; instructions: string; }; ... 5 more ...; hotmart: { ...; }; } | { ...; }' is not assignable to type '(prevState: GlobalPaymentConfig | null) => GlobalPaymentConfig | null'.
    Type '{ stripe: { enabled: false; mode: "sandbox"; publicKey: string; secretKey: string; instructions: string; }; mercadoPago: { enabled: false; mode: "sandbox"; publicKey: string; secretKey: string; instructions: string; }; ... 5 more ...; hotmart: { ...; }; } | { ...; }' is not assignable to type 'GlobalPaymentConfig | null'.
      Type '{ stripe: { enabled: false; mode: "sandbox"; publicKey: string; secretKey: string; instructions: string; }; mercadoPago: { enabled: false; mode: "sandbox"; publicKey: string; secretKey: string; instructions: string; }; ... 5 more ...; hotmart: { ...; }; }' is not assignable to type 'GlobalPaymentConfig'.
        Types of property 'hotmart' are incompatible.
          Type '{ enabled: false; instructions: string; url_gratis: string; url_basico: string; url_profesional: string; url_empresarial: string; }' is missing the following properties from type 'HotmartSettings': urlGratis, urlBasico, urlProfesional, urlEmpresarial
src/components/minimenu/SuperAdminPanel.tsx(1193,52): error TS18047: 'selectedBusiness' is possibly 'null'.
src/components/minimenu/SuperAdminPanel.tsx(1200,19): error TS18047: 'selectedBusiness' is possibly 'null'.
src/components/minimenu/SuperAdminPanel.tsx(1202,19): error TS18047: 'selectedBusiness' is possibly 'null'.
src/components/minimenu/SuperAdminPanel.tsx(1216,19): error TS18047: 'selectedBusiness' is possibly 'null'.
src/components/minimenu/SuperAdminPanel.tsx(1224,22): error TS18047: 'selectedBusiness' is possibly 'null'.
src/components/minimenu/SuperAdminPanel.tsx(1253,28): error TS18047: 'selectedBusiness' is possibly 'null'.
src/components/minimenu/SuperAdminPanel.tsx(1266,30): error TS18047: 'selectedBusiness' is possibly 'null'.
src/components/minimenu/SuperAdminPanel.tsx(1278,54): error TS18047: 'selectedBusiness' is possibly 'null'.
src/components/minimenu/SuperAdminPanel.tsx(1361,18): error TS2345: Argument of type '(prev: User[]) => (User | null)[]' is not assignable to parameter of type 'SetStateAction<User[]>'.
  Type '(prev: User[]) => (User | null)[]' is not assignable to type '(prevState: User[]) => User[]'.
    Type '(User | null)[]' is not assignable to type 'User[]'.
      Type 'User | null' is not assignable to type 'User'.
        Type 'null' is not assignable to type 'User'.
src/components/minimenu/SuperAdminPanel.tsx(1378,18): error TS2345: Argument of type '(prev: User[]) => (User | null)[]' is not assignable to parameter of type 'SetStateAction<User[]>'.
  Type '(prev: User[]) => (User | null)[]' is not assignable to type '(prevState: User[]) => User[]'.
    Type '(User | null)[]' is not assignable to type 'User[]'.
      Type 'User | null' is not assignable to type 'User'.
        Type 'null' is not assignable to type 'User'.
src/components/minimenu/SuperAdminPanel.tsx(1389,16): error TS2345: Argument of type '(prev: User[]) => (User | null)[]' is not assignable to parameter of type 'SetStateAction<User[]>'.
  Type '(prev: User[]) => (User | null)[]' is not assignable to type '(prevState: User[]) => User[]'.
    Type '(User | null)[]' is not assignable to type 'User[]'.
      Type 'User | null' is not assignable to type 'User'.
        Type 'null' is not assignable to type 'User'.
src/components/minimenu/SuperAdminPanel.tsx(1507,17): error TS2345: Argument of type '{ name: string; slug: string; description: string; price: number; currency: "COP"; period: "monthly"; features: string; maxUsers: number; maxProducts: number; maxCategories: number; isPopular: false; color: string; }' is not assignable to parameter of type 'SetStateAction<{ name: string; slug: string; description: string; price: number; currency: Currency; period: BillingType; features: string; maxUsers: number; maxProducts: number; maxCategories: number; isPopular: boolean; color: string; hotmartUrl: string; }>'.
  Property 'hotmartUrl' is missing in type '{ name: string; slug: string; description: string; price: number; currency: "COP"; period: "monthly"; features: string; maxUsers: number; maxProducts: number; maxCategories: number; isPopular: false; color: string; }' but required in type '{ name: string; slug: string; description: string; price: number; currency: Currency; period: BillingType; features: string; maxUsers: number; maxProducts: number; maxCategories: number; isPopular: boolean; color: string; hotmartUrl: string; }'.
src/components/minimenu/SuperAdminPanel.tsx(1518,20): error TS2345: Argument of type '{ name: string; description: string; price: number; currency: Currency; billingType: BillingType; }' is not assignable to parameter of type 'SetStateAction<{ name: string; description: string; price: number; currency: Currency; billingType: BillingType; trialEnabled: boolean; trialDays: number | null; trialAiCredits: number | null; aiCreditsIncluded: number; aiCreditsLimit: number | null; activateForAll: boolean; }>'.
  Type '{ name: string; description: string; price: number; currency: Currency; billingType: BillingType; }' is missing the following properties from type '{ name: string; description: string; price: number; currency: Currency; billingType: BillingType; trialEnabled: boolean; trialDays: number | null; trialAiCredits: number | null; aiCreditsIncluded: number; aiCreditsLimit: number | null; activateForAll: boolean; }': trialEnabled, trialDays, trialAiCredits, aiCreditsIncluded, and 2 more.
src/components/minimenu/SuperAdminPanel.tsx(1530,19): error TS2345: Argument of type '{ name: string; description: string; type: ModuleType; icon: string; }' is not assignable to parameter of type 'SetStateAction<{ name: string; description: string; type: ModuleType; icon: string; trialEnabled: boolean; trialDays: number | null; trialAiCredits: number | null; aiCreditsIncluded: number | null; aiCreditsLimit: number | null; activateForAll: boolean; }>'.
  Type '{ name: string; description: string; type: ModuleType; icon: string; }' is missing the following properties from type '{ name: string; description: string; type: ModuleType; icon: string; trialEnabled: boolean; trialDays: number | null; trialAiCredits: number | null; aiCreditsIncluded: number | null; aiCreditsLimit: number | null; activateForAll: boolean; }': trialEnabled, trialDays, trialAiCredits, aiCreditsIncluded, and 2 more.
src/contexts/AuthContext.tsx(83,9): error TS2801: This condition will always return true since this 'Promise<import("C:/minimenuia/minimenuia/src/types/index").User | null>' is always defined.
src/services/api.ts(721,17): error TS2339: Property 'default' does not exist on type 'typeof import("C:/minimenuia/minimenuia/src/services/storage")'.
src/services/api.ts(1150,41): error TS2304: Cannot find name 'GatewayMode'.
src/services/api.ts(1157,47): error TS2304: Cannot find name 'GatewayMode'.
src/services/api.ts(1164,41): error TS2304: Cannot find name 'GatewayMode'.
src/services/api.ts(1200,7): error TS2561: Object literal may only specify known properties, but 'url_gratis' does not exist in type 'HotmartSettings'. Did you mean to write 'urlGratis'?
src/services/api.ts(1262,7): error TS2561: Object literal may only specify known properties, but 'url_gratis' does not exist in type 'HotmartSettings'. Did you mean to write 'urlGratis'?
src/services/data.ts(529,3): error TS2739: Type '{ enabled: true; instructions: string; }' is missing the following properties from type 'HotmartSettings': urlGratis, urlBasico, urlProfesional, urlEmpresarial
src/services/data.ts(716,14): error TS2741: Property 'enabled' is missing in type '{ systemPrompt: string; models: never[]; temperature: number; maxTokens: number; knowledgeSources: string[]; activeModelId: null; createdAt: string; updatedAt: string; }' but required in type 'AIConfig'.
src/services/integration-service.ts(5,27): error TS2552: Cannot find name 'ApiResponse'. Did you mean 'Response'?
src/services/storage.ts(286,3): error TS2739: Type '{ enabled: false; instructions: string; }' is missing the following properties from type 'HotmartSettings': urlGratis, urlBasico, urlProfesional, urlEmpresarial
src/services/storage.ts(302,47): error TS2352: Conversion of type 'GlobalPaymentConfig' to type 'Record<string, unknown>' may be a mistake because neither type sufficiently overlaps with the other. If this was intentional, convert the expression to 'unknown' first.
  Index signature for type 'string' is missing in type 'GlobalPaymentConfig'.
tmp/check-all-cols.ts(7,31): error TS2345: Argument of type 'string | undefined' is not assignable to parameter of type 'string'.
  Type 'undefined' is not assignable to type 'string'.
tmp/check-full-schema.ts(7,31): error TS2345: Argument of type 'string | undefined' is not assignable to parameter of type 'string'.
  Type 'undefined' is not assignable to type 'string'.
tmp/debug-visibility.ts(7,31): error TS2345: Argument of type 'string | undefined' is not assignable to parameter of type 'string'.
  Type 'undefined' is not assignable to type 'string'.
tmp/debug-visibility.ts(58,17): error TS18047: 'plan' is possibly 'null'.
tmp/final-test.ts(7,31): error TS2345: Argument of type 'string | undefined' is not assignable to parameter of type 'string'.
  Type 'undefined' is not assignable to type 'string'.
tmp/final-test.ts(39,39): error TS18047: 'plan' is possibly 'null'.
tmp/fix-user-id.ts(7,31): error TS2345: Argument of type 'string | undefined' is not assignable to parameter of type 'string'.
  Type 'undefined' is not assignable to type 'string'.
tmp/numeric-test.ts(7,31): error TS2345: Argument of type 'string | undefined' is not assignable to parameter of type 'string'.
  Type 'undefined' is not assignable to type 'string'.
tmp/numeric-test.ts(29,39): error TS18047: 'plan' is possibly 'null'.
tmp/success-validation.ts(47,15): error TS18047: 'plan' is possibly 'null'.
